// Jest Snapshot v1, https://goo.gl/fbAQLP

exports[`Graph Component should be properly rendered 1`] = `
<div
  id="graphId-graph-wrapper"
>
  <svg
    style={
      Object {
        "height": 600,
        "width": 600,
      }
    }
  >
    <g
      id="graphId-graph-container-zoomable"
    >
      <line
        className="link"
        onClick={[Function]}
        style={
          Object {
            "opacity": 1,
            "stroke": "#d3d3d3",
            "strokeWidth": 1.5,
          }
        }
        x1="0"
        x2="0"
        y1="0"
        y2="0"
      />
      <line
        className="link"
        onClick={[Function]}
        style={
          Object {
            "opacity": 1,
            "stroke": "#d3d3d3",
            "strokeWidth": 1.5,
          }
        }
        x1="0"
        x2="0"
        y1="0"
        y2="0"
      />
      <line
        className="link"
        onClick={[Function]}
        style={
          Object {
            "opacity": 1,
            "stroke": "#d3d3d3",
            "strokeWidth": 1.5,
          }
        }
        x1="0"
        x2="0"
        y1="0"
        y2="0"
      />
      <line
        className="link"
        onClick={[Function]}
        style={
          Object {
            "opacity": 1,
            "stroke": "#d3d3d3",
            "strokeWidth": 1.5,
          }
        }
        x1="0"
        x2="0"
        y1="0"
        y2="0"
      />
      <line
        className="link"
        onClick={[Function]}
        style={
          Object {
            "opacity": 1,
            "stroke": "#d3d3d3",
            "strokeWidth": 1.5,
          }
        }
        x1="0"
        x2="0"
        y1="0"
        y2="0"
      />
      <line
        className="link"
        onClick={[Function]}
        style={
          Object {
            "opacity": 1,
            "stroke": "#d3d3d3",
            "strokeWidth": 1.5,
          }
        }
        x1="0"
        x2="0"
        y1="0"
        y2="0"
      />
      <line
        className="link"
        onClick={[Function]}
        style={
          Object {
            "opacity": 1,
            "stroke": "#d3d3d3",
            "strokeWidth": 1.5,
          }
        }
        x1="0"
        x2="0"
        y1="0"
        y2="0"
      />
      <line
        className="link"
        onClick={[Function]}
        style={
          Object {
            "opacity": 1,
            "stroke": "#d3d3d3",
            "strokeWidth": 1.5,
          }
        }
        x1="0"
        x2="0"
        y1="0"
        y2="0"
      />
      <line
        className="link"
        onClick={[Function]}
        style={
          Object {
            "opacity": 1,
            "stroke": "#d3d3d3",
            "strokeWidth": 1.5,
          }
        }
        x1="0"
        x2="0"
        y1="0"
        y2="0"
      />
      <line
        className="link"
        onClick={[Function]}
        style={
          Object {
            "opacity": 1,
            "stroke": "#d3d3d3",
            "strokeWidth": 1.5,
          }
        }
        x1="0"
        x2="0"
        y1="0"
        y2="0"
      />
      <line
        className="link"
        onClick={[Function]}
        style={
          Object {
            "opacity": 1,
            "stroke": "#d3d3d3",
            "strokeWidth": 1.5,
          }
        }
        x1="0"
        x2="0"
        y1="0"
        y2="0"
      />
      <line
        className="link"
        onClick={[Function]}
        style={
          Object {
            "opacity": 1,
            "stroke": "#d3d3d3",
            "strokeWidth": 1.5,
          }
        }
        x1="0"
        x2="0"
        y1="0"
        y2="0"
      />
      <line
        className="link"
        onClick={[Function]}
        style={
          Object {
            "opacity": 1,
            "stroke": "#d3d3d3",
            "strokeWidth": 1.5,
          }
        }
        x1="0"
        x2="0"
        y1="0"
        y2="0"
      />
      <line
        className="link"
        onClick={[Function]}
        style={
          Object {
            "opacity": 1,
            "stroke": "#d3d3d3",
            "strokeWidth": 1.5,
          }
        }
        x1="0"
        x2="0"
        y1="0"
        y2="0"
      />
      <line
        className="link"
        onClick={[Function]}
        style={
          Object {
            "opacity": 1,
            "stroke": "#d3d3d3",
            "strokeWidth": 1.5,
          }
        }
        x1="0"
        x2="0"
        y1="0"
        y2="0"
      />
      <line
        className="link"
        onClick={[Function]}
        style={
          Object {
            "opacity": 1,
            "stroke": "#d3d3d3",
            "strokeWidth": 1.5,
          }
        }
        x1="0"
        x2="0"
        y1="0"
        y2="0"
      />
      <line
        className="link"
        onClick={[Function]}
        style={
          Object {
            "opacity": 1,
            "stroke": "#d3d3d3",
            "strokeWidth": 1.5,
          }
        }
        x1="0"
        x2="0"
        y1="0"
        y2="0"
      />
      <line
        className="link"
        onClick={[Function]}
        style={
          Object {
            "opacity": 1,
            "stroke": "#d3d3d3",
            "strokeWidth": 1.5,
          }
        }
        x1="0"
        x2="0"
        y1="0"
        y2="0"
      />
      <line
        className="link"
        onClick={[Function]}
        style={
          Object {
            "opacity": 1,
            "stroke": "#d3d3d3",
            "strokeWidth": 1.5,
          }
        }
        x1="0"
        x2="0"
        y1="0"
        y2="0"
      />
      <line
        className="link"
        onClick={[Function]}
        style={
          Object {
            "opacity": 1,
            "stroke": "#d3d3d3",
            "strokeWidth": 1.5,
          }
        }
        x1="0"
        x2="0"
        y1="0"
        y2="0"
      />
      <line
        className="link"
        onClick={[Function]}
        style={
          Object {
            "opacity": 1,
            "stroke": "#d3d3d3",
            "strokeWidth": 1.5,
          }
        }
        x1="0"
        x2="0"
        y1="0"
        y2="0"
      />
      <line
        className="link"
        onClick={[Function]}
        style={
          Object {
            "opacity": 1,
            "stroke": "#d3d3d3",
            "strokeWidth": 1.5,
          }
        }
        x1="0"
        x2="0"
        y1="0"
        y2="0"
      />
      <line
        className="link"
        onClick={[Function]}
        style={
          Object {
            "opacity": 1,
            "stroke": "#d3d3d3",
            "strokeWidth": 1.5,
          }
        }
        x1="0"
        x2="0"
        y1="0"
        y2="0"
      />
      <line
        className="link"
        onClick={[Function]}
        style={
          Object {
            "opacity": 1,
            "stroke": "#d3d3d3",
            "strokeWidth": 1.5,
          }
        }
        x1="0"
        x2="0"
        y1="0"
        y2="0"
      />
      <line
        className="link"
        onClick={[Function]}
        style={
          Object {
            "opacity": 1,
            "stroke": "#d3d3d3",
            "strokeWidth": 1.5,
          }
        }
        x1="0"
        x2="0"
        y1="0"
        y2="0"
      />
      <line
        className="link"
        onClick={[Function]}
        style={
          Object {
            "opacity": 1,
            "stroke": "#d3d3d3",
            "strokeWidth": 1.5,
          }
        }
        x1="0"
        x2="0"
        y1="0"
        y2="0"
      />
      <line
        className="link"
        onClick={[Function]}
        style={
          Object {
            "opacity": 1,
            "stroke": "#d3d3d3",
            "strokeWidth": 1.5,
          }
        }
        x1="0"
        x2="0"
        y1="0"
        y2="0"
      />
      <line
        className="link"
        onClick={[Function]}
        style={
          Object {
            "opacity": 1,
            "stroke": "#d3d3d3",
            "strokeWidth": 1.5,
          }
        }
        x1="0"
        x2="0"
        y1="0"
        y2="0"
      />
      <line
        className="link"
        onClick={[Function]}
        style={
          Object {
            "opacity": 1,
            "stroke": "#d3d3d3",
            "strokeWidth": 1.5,
          }
        }
        x1="0"
        x2="0"
        y1="0"
        y2="0"
      />
      <line
        className="link"
        onClick={[Function]}
        style={
          Object {
            "opacity": 1,
            "stroke": "#d3d3d3",
            "strokeWidth": 1.5,
          }
        }
        x1="0"
        x2="0"
        y1="0"
        y2="0"
      />
      <line
        className="link"
        onClick={[Function]}
        style={
          Object {
            "opacity": 1,
            "stroke": "#d3d3d3",
            "strokeWidth": 1.5,
          }
        }
        x1="0"
        x2="0"
        y1="0"
        y2="0"
      />
      <line
        className="link"
        onClick={[Function]}
        style={
          Object {
            "opacity": 1,
            "stroke": "#d3d3d3",
            "strokeWidth": 1.5,
          }
        }
        x1="0"
        x2="0"
        y1="0"
        y2="0"
      />
      <line
        className="link"
        onClick={[Function]}
        style={
          Object {
            "opacity": 1,
            "stroke": "#d3d3d3",
            "strokeWidth": 1.5,
          }
        }
        x1="0"
        x2="0"
        y1="0"
        y2="0"
      />
      <line
        className="link"
        onClick={[Function]}
        style={
          Object {
            "opacity": 1,
            "stroke": "#d3d3d3",
            "strokeWidth": 1.5,
          }
        }
        x1="0"
        x2="0"
        y1="0"
        y2="0"
      />
      <line
        className="link"
        onClick={[Function]}
        style={
          Object {
            "opacity": 1,
            "stroke": "#d3d3d3",
            "strokeWidth": 1.5,
          }
        }
        x1="0"
        x2="0"
        y1="0"
        y2="0"
      />
      <line
        className="link"
        onClick={[Function]}
        style={
          Object {
            "opacity": 1,
            "stroke": "#d3d3d3",
            "strokeWidth": 1.5,
          }
        }
        x1="0"
        x2="0"
        y1="0"
        y2="0"
      />
      <line
        className="link"
        onClick={[Function]}
        style={
          Object {
            "opacity": 1,
            "stroke": "#d3d3d3",
            "strokeWidth": 1.5,
          }
        }
        x1="0"
        x2="0"
        y1="0"
        y2="0"
      />
      <line
        className="link"
        onClick={[Function]}
        style={
          Object {
            "opacity": 1,
            "stroke": "#d3d3d3",
            "strokeWidth": 1.5,
          }
        }
        x1="0"
        x2="0"
        y1="0"
        y2="0"
      />
      <g
        className="node"
        cx="0"
        cy="0"
        id="Harry"
        transform="translate(0,0)"
      >
        <path
          cursor="pointer"
          d="M5.641895835477563,0A5.641895835477563,5.641895835477563,0,1,1,-5.641895835477563,0A5.641895835477563,5.641895835477563,0,1,1,5.641895835477563,0"
          fill="red"
          onClick={[Function]}
          onMouseOut={[Function]}
          onMouseOver={[Function]}
          opacity={1}
          stroke="none"
          strokeWidth={1.5}
        />
        <text
          dx={10.5}
          dy=".35em"
          fontSize={8}
          fontWeight="normal"
          opacity={1}
        >
          Harry
        </text>
      </g>
      <g
        className="node"
        cx="0"
        cy="0"
        id="Sally"
        transform="translate(0,0)"
      >
        <path
          cursor="pointer"
          d="M5.641895835477563,0A5.641895835477563,5.641895835477563,0,1,1,-5.641895835477563,0A5.641895835477563,5.641895835477563,0,1,1,5.641895835477563,0"
          fill="red"
          onClick={[Function]}
          onMouseOut={[Function]}
          onMouseOver={[Function]}
          opacity={1}
          stroke="none"
          strokeWidth={1.5}
        />
        <text
          dx={10.5}
          dy=".35em"
          fontSize={8}
          fontWeight="normal"
          opacity={1}
        >
          Sally
        </text>
      </g>
      <g
        className="node"
        cx="0"
        cy="0"
        id="Mario"
        transform="translate(0,0)"
      >
        <path
          cursor="pointer"
          d="M5.641895835477563,0A5.641895835477563,5.641895835477563,0,1,1,-5.641895835477563,0A5.641895835477563,5.641895835477563,0,1,1,5.641895835477563,0"
          fill="red"
          onClick={[Function]}
          onMouseOut={[Function]}
          onMouseOver={[Function]}
          opacity={1}
          stroke="none"
          strokeWidth={1.5}
        />
        <text
          dx={10.5}
          dy=".35em"
          fontSize={8}
          fontWeight="normal"
          opacity={1}
        >
          Mario
        </text>
      </g>
      <g
        className="node"
        cx="0"
        cy="0"
        id="Sarah"
        transform="translate(0,0)"
      >
        <path
          cursor="pointer"
          d="M5.641895835477563,0A5.641895835477563,5.641895835477563,0,1,1,-5.641895835477563,0A5.641895835477563,5.641895835477563,0,1,1,5.641895835477563,0"
          fill="red"
          onClick={[Function]}
          onMouseOut={[Function]}
          onMouseOver={[Function]}
          opacity={1}
          stroke="none"
          strokeWidth={1.5}
        />
        <text
          dx={10.5}
          dy=".35em"
          fontSize={8}
          fontWeight="normal"
          opacity={1}
        >
          Sarah
        </text>
      </g>
      <g
        className="node"
        cx="0"
        cy="0"
        id="Alice"
        transform="translate(0,0)"
      >
        <path
          cursor="pointer"
          d="M5.641895835477563,0A5.641895835477563,5.641895835477563,0,1,1,-5.641895835477563,0A5.641895835477563,5.641895835477563,0,1,1,5.641895835477563,0"
          fill="red"
          onClick={[Function]}
          onMouseOut={[Function]}
          onMouseOver={[Function]}
          opacity={1}
          stroke="none"
          strokeWidth={1.5}
        />
        <text
          dx={10.5}
          dy=".35em"
          fontSize={8}
          fontWeight="normal"
          opacity={1}
        >
          Alice
        </text>
      </g>
      <g
        className="node"
        cx="0"
        cy="0"
        id="Eveie"
        transform="translate(0,0)"
      >
        <path
          cursor="pointer"
          d="M5.641895835477563,0A5.641895835477563,5.641895835477563,0,1,1,-5.641895835477563,0A5.641895835477563,5.641895835477563,0,1,1,5.641895835477563,0"
          fill="red"
          onClick={[Function]}
          onMouseOut={[Function]}
          onMouseOver={[Function]}
          opacity={1}
          stroke="none"
          strokeWidth={1.5}
        />
        <text
          dx={10.5}
          dy=".35em"
          fontSize={8}
          fontWeight="normal"
          opacity={1}
        >
          Eveie
        </text>
      </g>
      <g
        className="node"
        cx="0"
        cy="0"
        id="Peter"
        transform="translate(0,0)"
      >
        <path
          cursor="pointer"
          d="M5.641895835477563,0A5.641895835477563,5.641895835477563,0,1,1,-5.641895835477563,0A5.641895835477563,5.641895835477563,0,1,1,5.641895835477563,0"
          fill="red"
          onClick={[Function]}
          onMouseOut={[Function]}
          onMouseOver={[Function]}
          opacity={1}
          stroke="none"
          strokeWidth={1.5}
        />
        <text
          dx={10.5}
          dy=".35em"
          fontSize={8}
          fontWeight="normal"
          opacity={1}
        >
          Peter
        </text>
      </g>
      <g
        className="node"
        cx="0"
        cy="0"
        id="James"
        transform="translate(0,0)"
      >
        <path
          cursor="pointer"
          d="M5.641895835477563,0A5.641895835477563,5.641895835477563,0,1,1,-5.641895835477563,0A5.641895835477563,5.641895835477563,0,1,1,5.641895835477563,0"
          fill="red"
          onClick={[Function]}
          onMouseOut={[Function]}
          onMouseOver={[Function]}
          opacity={1}
          stroke="none"
          strokeWidth={1.5}
        />
        <text
          dx={10.5}
          dy=".35em"
          fontSize={8}
          fontWeight="normal"
          opacity={1}
        >
          James
        </text>
      </g>
      <g
        className="node"
        cx="0"
        cy="0"
        id="Carol"
        transform="translate(0,0)"
      >
        <path
          cursor="pointer"
          d="M5.641895835477563,0A5.641895835477563,5.641895835477563,0,1,1,-5.641895835477563,0A5.641895835477563,5.641895835477563,0,1,1,5.641895835477563,0"
          fill="red"
          onClick={[Function]}
          onMouseOut={[Function]}
          onMouseOver={[Function]}
          opacity={1}
          stroke="none"
          strokeWidth={1.5}
        />
        <text
          dx={10.5}
          dy=".35em"
          fontSize={8}
          fontWeight="normal"
          opacity={1}
        >
          Carol
        </text>
      </g>
      <g
        className="node"
        cx="0"
        cy="0"
        id="Nicky"
        transform="translate(0,0)"
      >
        <path
          cursor="pointer"
          d="M5.641895835477563,0A5.641895835477563,5.641895835477563,0,1,1,-5.641895835477563,0A5.641895835477563,5.641895835477563,0,1,1,5.641895835477563,0"
          fill="red"
          onClick={[Function]}
          onMouseOut={[Function]}
          onMouseOver={[Function]}
          opacity={1}
          stroke="none"
          strokeWidth={1.5}
        />
        <text
          dx={10.5}
          dy=".35em"
          fontSize={8}
          fontWeight="normal"
          opacity={1}
        >
          Nicky
        </text>
      </g>
      <g
        className="node"
        cx="0"
        cy="0"
        id="Bobby"
        transform="translate(0,0)"
      >
        <path
          cursor="pointer"
          d="M5.641895835477563,0A5.641895835477563,5.641895835477563,0,1,1,-5.641895835477563,0A5.641895835477563,5.641895835477563,0,1,1,5.641895835477563,0"
          fill="red"
          onClick={[Function]}
          onMouseOut={[Function]}
          onMouseOver={[Function]}
          opacity={1}
          stroke="none"
          strokeWidth={1.5}
        />
        <text
          dx={10.5}
          dy=".35em"
          fontSize={8}
          fontWeight="normal"
          opacity={1}
        >
          Bobby
        </text>
      </g>
      <g
        className="node"
        cx="0"
        cy="0"
        id="Frank"
        transform="translate(0,0)"
      >
        <path
          cursor="pointer"
          d="M5.641895835477563,0A5.641895835477563,5.641895835477563,0,1,1,-5.641895835477563,0A5.641895835477563,5.641895835477563,0,1,1,5.641895835477563,0"
          fill="red"
          onClick={[Function]}
          onMouseOut={[Function]}
          onMouseOver={[Function]}
          opacity={1}
          stroke="none"
          strokeWidth={1.5}
        />
        <text
          dx={10.5}
          dy=".35em"
          fontSize={8}
          fontWeight="normal"
          opacity={1}
        >
          Frank
        </text>
      </g>
      <g
        className="node"
        cx="0"
        cy="0"
        id="Lynne"
        transform="translate(0,0)"
      >
        <path
          cursor="pointer"
          d="M5.641895835477563,0A5.641895835477563,5.641895835477563,0,1,1,-5.641895835477563,0A5.641895835477563,5.641895835477563,0,1,1,5.641895835477563,0"
          fill="red"
          onClick={[Function]}
          onMouseOut={[Function]}
          onMouseOver={[Function]}
          opacity={1}
          stroke="none"
          strokeWidth={1.5}
        />
        <text
          dx={10.5}
          dy=".35em"
          fontSize={8}
          fontWeight="normal"
          opacity={1}
        >
          Lynne
        </text>
      </g>
      <g
        className="node"
        cx="0"
        cy="0"
        id="Roger"
        transform="translate(0,0)"
      >
        <path
          cursor="pointer"
          d="M5.641895835477563,0A5.641895835477563,5.641895835477563,0,1,1,-5.641895835477563,0A5.641895835477563,5.641895835477563,0,1,1,5.641895835477563,0"
          fill="red"
          onClick={[Function]}
          onMouseOut={[Function]}
          onMouseOver={[Function]}
          opacity={1}
          stroke="none"
          strokeWidth={1.5}
        />
        <text
          dx={10.5}
          dy=".35em"
          fontSize={8}
          fontWeight="normal"
          opacity={1}
        >
          Roger
        </text>
      </g>
      <g
        className="node"
        cx="0"
        cy="0"
        id="Maddy"
        transform="translate(0,0)"
      >
        <path
          cursor="pointer"
          d="M5.641895835477563,0A5.641895835477563,5.641895835477563,0,1,1,-5.641895835477563,0A5.641895835477563,5.641895835477563,0,1,1,5.641895835477563,0"
          fill="red"
          onClick={[Function]}
          onMouseOut={[Function]}
          onMouseOver={[Function]}
          opacity={1}
          stroke="none"
          strokeWidth={1.5}
        />
        <text
          dx={10.5}
          dy=".35em"
          fontSize={8}
          fontWeight="normal"
          opacity={1}
        >
          Maddy
        </text>
      </g>
      <g
        className="node"
        cx="0"
        cy="0"
        id="Sonny"
        transform="translate(0,0)"
      >
        <path
          cursor="pointer"
          d="M5.641895835477563,0A5.641895835477563,5.641895835477563,0,1,1,-5.641895835477563,0A5.641895835477563,5.641895835477563,0,1,1,5.641895835477563,0"
          fill="red"
          onClick={[Function]}
          onMouseOut={[Function]}
          onMouseOver={[Function]}
          opacity={1}
          stroke="none"
          strokeWidth={1.5}
        />
        <text
          dx={10.5}
          dy=".35em"
          fontSize={8}
          fontWeight="normal"
          opacity={1}
        >
          Sonny
        </text>
      </g>
      <g
        className="node"
        cx="0"
        cy="0"
        id="Johan"
        transform="translate(0,0)"
      >
        <path
          cursor="pointer"
          d="M5.641895835477563,0A5.641895835477563,5.641895835477563,0,1,1,-5.641895835477563,0A5.641895835477563,5.641895835477563,0,1,1,5.641895835477563,0"
          fill="red"
          onClick={[Function]}
          onMouseOut={[Function]}
          onMouseOver={[Function]}
          opacity={1}
          stroke="none"
          strokeWidth={1.5}
        />
        <text
          dx={10.5}
          dy=".35em"
          fontSize={8}
          fontWeight="normal"
          opacity={1}
        >
          Johan
        </text>
      </g>
      <g
        className="node"
        cx="0"
        cy="0"
        id="Henry"
        transform="translate(0,0)"
      >
        <path
          cursor="pointer"
          d="M5.641895835477563,0A5.641895835477563,5.641895835477563,0,1,1,-5.641895835477563,0A5.641895835477563,5.641895835477563,0,1,1,5.641895835477563,0"
          fill="red"
          onClick={[Function]}
          onMouseOut={[Function]}
          onMouseOver={[Function]}
          opacity={1}
          stroke="none"
          strokeWidth={1.5}
        />
        <text
          dx={10.5}
          dy=".35em"
          fontSize={8}
          fontWeight="normal"
          opacity={1}
        >
          Henry
        </text>
      </g>
      <g
        className="node"
        cx="0"
        cy="0"
        id="Mikey"
        transform="translate(0,0)"
      >
        <path
          cursor="pointer"
          d="M5.641895835477563,0A5.641895835477563,5.641895835477563,0,1,1,-5.641895835477563,0A5.641895835477563,5.641895835477563,0,1,1,5.641895835477563,0"
          fill="red"
          onClick={[Function]}
          onMouseOut={[Function]}
          onMouseOver={[Function]}
          opacity={1}
          stroke="none"
          strokeWidth={1.5}
        />
        <text
          dx={10.5}
          dy=".35em"
          fontSize={8}
          fontWeight="normal"
          opacity={1}
        >
          Mikey
        </text>
      </g>
      <g
        className="node"
        cx="0"
        cy="0"
        id="Elric"
        transform="translate(0,0)"
      >
        <path
          cursor="pointer"
          d="M5.641895835477563,0A5.641895835477563,5.641895835477563,0,1,1,-5.641895835477563,0A5.641895835477563,5.641895835477563,0,1,1,5.641895835477563,0"
          fill="red"
          onClick={[Function]}
          onMouseOut={[Function]}
          onMouseOver={[Function]}
          opacity={1}
          stroke="none"
          strokeWidth={1.5}
        />
        <text
          dx={10.5}
          dy=".35em"
          fontSize={8}
          fontWeight="normal"
          opacity={1}
        >
          Elric
        </text>
      </g>
    </g>
  </svg>
</div>
`;
