// Jest Snapshot v1, https://goo.gl/fbAQLP

exports[`Snapshot - Link Component should match snapshot 1`] = `
<path
  onClick={[Function]}
  onContextMenu={[Function]}
  onMouseOut={[Function]}
  onMouseOver={[Function]}
  style={
    Object {
      "cursor": undefined,
      "fill": "none",
      "opacity": "1",
      "stroke": "red",
      "strokeWidth": "2",
    }
  }
  x1="2"
  x2="4"
  y1="2"
  y2="4"
/>
`;
